[INFO] Sourced: /home/amv/core/install/local_setup.zsh
[INFO] Launching core_launcher/launcher.py...
[INFO] [launch]: All log files can be found below /home/amv/.ros/log/2025-11-05-19-28-43-095962-ubuntu-21661
[INFO] [launch]: Default logging verbosity is set to INFO
[INFO] [parameter_blackboard-1]: process started with pid [21684]
[INFO] [camera_controller-2]: process started with pid [21686]
[INFO] [microcontroller_asv-3]: process started with pid [21688]
[INFO] [motor_controller-4]: process started with pid [21690]
[INFO] [mission-5]: process started with pid [21692]
[microcontroller_asv-3] /usr/lib/python3/dist-packages/scipy/__init__.py:146: UserWarning: A NumPy version >=1.17.3 and <1.25.0 is required for this version of SciPy (detected version 1.26.1
[microcontroller_asv-3]   warnings.warn(f"A NumPy version >={np_minversion} and <{np_maxversion}"
[parameter_blackboard-1] [INFO] [1762345724.141944562] [parameter_blackboard]: ============================================================
[parameter_blackboard-1] [INFO] [1762345724.147545292] [parameter_blackboard]: Parameter Blackboard Node Started
[parameter_blackboard-1] [INFO] [1762345724.156443394] [parameter_blackboard]: ============================================================
[parameter_blackboard-1] [INFO] [1762345724.159113068] [parameter_blackboard]: Services available:
[parameter_blackboard-1] [INFO] [1762345724.161868120] [parameter_blackboard]:   - /parameter_blackboard/get_parameters
[parameter_blackboard-1] [INFO] [1762345724.163747500] [parameter_blackboard]:   - /parameter_blackboard/set_parameters
[parameter_blackboard-1] [INFO] [1762345724.165702210] [parameter_blackboard]:   - /parameter_blackboard/list_parameters
[parameter_blackboard-1] [INFO] [1762345724.167707866] [parameter_blackboard]:   - /parameter_blackboard/describe_parameters
[parameter_blackboard-1] [INFO] [1762345724.169629263] [parameter_blackboard]: 
[parameter_blackboard-1] [INFO] [1762345724.175767257] [parameter_blackboard]: Allows undeclared parameters: YES
[parameter_blackboard-1] [INFO] [1762345724.177307555] [parameter_blackboard]: Ready to store and serve shared parameters
[parameter_blackboard-1] [INFO] [1762345724.178882799] [parameter_blackboard]: ============================================================
[parameter_blackboard-1] [INFO] [1762345724.180409977] [parameter_blackboard]: Spinning... Press Ctrl+C to exit
[mission-5] [INFO] [1762345724.476303372] [mission_node]: Parameter '/docking/target_latitude' declared as float with value: 0.0
[mission-5] [INFO] [1762345724.478051868] [mission_node]: Parameter '/docking/target_longitude' declared as float with value: 0.0
[mission-5] [WARN] [1762345724.489309652] [mission_node]: Could not get value for '/mission/track': ('Invalid access to undeclared parameter(s)', '/mission/track')
[mission-5] [WARN] [1762345724.493348483] [mission_node]: Could not get value for '/mission/track': ('Invalid access to undeclared parameter(s)', '/mission/track')
[mission-5] [WARN] [1762345724.498097895] [mission_node]: Could not get value for '/mission/track': ('Invalid access to undeclared parameter(s)', '/mission/track')
[motor_controller-4] [INFO] [1762345724.565850744] [motor_controller]: Parameter '/motor_controller/motor_speed' declared as float with value: 1.0
[motor_controller-4] [INFO] [1762345724.568996110] [motor_controller]: Parameter '/motor_controller/x_speed' declared as float with value: 1.0
[motor_controller-4] [INFO] [1762345724.582717418] [motor_controller]: <> [motor_controller] Successfully initialized node
[mission-5] [INFO] [1762345724.680979014] [mission_node]: Behavior tree visualization generated
[mission-5] [INFO] [1762345724.681765180] [mission_node]: Behavior tree initialized and ready
[mission-5] [INFO] [1762345724.685528004] [mission_node]: [Mission1 Execution] Mission 1 EXECUTION mode active... GPS Ready: False
[mission-5] [INFO] [1762345724.687590653] [mission_node]: [Mission1 Execution] Docking coordinates saved: LAT 0.0, LON 0.0
[mission-5] [INFO] [1762345724.688341233] [mission_node]: [Mission1 Execution] Condition Failed -> Switching to FALLBACK
[mission-5] [INFO] [1762345724.689142024] [mission_node]: [Mission1 Fallback] We are in FALLBACK mode for Mission 1...
[mission-5] [INFO] [1762345724.690239878] [mission_node]: [Mission1 Fallback] Searching for target (detected: False)
[mission-5] [INFO] [1762345724.704321003] [mission_node]: [Mission1 Execution] Mission 1 EXECUTION mode active... GPS Ready: False
[mission-5] [INFO] [1762345724.705179395] [mission_node]: [Mission1 Execution] Condition Failed -> Switching to FALLBACK
[mission-5] [INFO] [1762345724.705998266] [mission_node]: [Mission1 Fallback] We are in FALLBACK mode for Mission 1...
[mission-5] [INFO] [1762345724.804367129] [mission_node]: [Mission1 Execution] Mission 1 EXECUTION mode active... GPS Ready: False
[mission-5] [INFO] [1762345724.805181103] [mission_node]: [Mission1 Execution] Condition Failed -> Switching to FALLBACK
[mission-5] [INFO] [1762345724.805909923] [mission_node]: [Mission1 Fallback] We are in FALLBACK mode for Mission 1...
[mission-5] [INFO] [1762345724.904308227] [mission_node]: [Mission1 Execution] Mission 1 EXECUTION mode active... GPS Ready: False
[mission-5] [INFO] [1762345724.905123578] [mission_node]: [Mission1 Execution] Condition Failed -> Switching to FALLBACK
[mission-5] [INFO] [1762345724.905891631] [mission_node]: [Mission1 Fallback] We are in FALLBACK mode for Mission 1...
[mission-5] [INFO] [1762345725.004245294] [mission_node]: [Mission1 Execution] Mission 1 EXECUTION mode active... GPS Ready: False
[mission-5] [INFO] [1762345725.005074533] [mission_node]: [Mission1 Execution] Condition Failed -> Switching to FALLBACK
[mission-5] [INFO] [1762345725.005855355] [mission_node]: [Mission1 Fallback] We are in FALLBACK mode for Mission 1...
[mission-5] [INFO] [1762345725.104302463] [mission_node]: [Mission1 Execution] Mission 1 EXECUTION mode active... GPS Ready: False
[mission-5] [INFO] [1762345725.105123285] [mission_node]: [Mission1 Execution] Condition Failed -> Switching to FALLBACK
[mission-5] [INFO] [1762345725.105911147] [mission_node]: [Mission1 Fallback] We are in FALLBACK mode for Mission 1...
[mission-5] [INFO] [1762345725.204365519] [mission_node]: [Mission1 Execution] Mission 1 EXECUTION mode active... GPS Ready: False
[mission-5] [INFO] [1762345725.205206151] [mission_node]: [Mission1 Execution] Condition Failed -> Switching to FALLBACK
[mission-5] [INFO] [1762345725.205972988] [mission_node]: [Mission1 Fallback] We are in FALLBACK mode for Mission 1...
[mission-5] [INFO] [1762345725.304557092] [mission_node]: [Mission1 Execution] Mission 1 EXECUTION mode active... GPS Ready: False
[mission-5] [INFO] [1762345725.305412187] [mission_node]: [Mission1 Execution] Condition Failed -> Switching to FALLBACK
[mission-5] [INFO] [1762345725.306236018] [mission_node]: [Mission1 Fallback] We are in FALLBACK mode for Mission 1...
[mission-5] [INFO] [1762345725.404268043] [mission_node]: [Mission1 Execution] Mission 1 EXECUTION mode active... GPS Ready: False
[mission-5] [INFO] [1762345725.406190592] [mission_node]: [Mission1 Execution] Condition Failed -> Switching to FALLBACK
[mission-5] [INFO] [1762345725.407047095] [mission_node]: [Mission1 Fallback] We are in FALLBACK mode for Mission 1...
[mission-5] [INFO] [1762345725.504240089] [mission_node]: [Mission1 Execution] Mission 1 EXECUTION mode active... GPS Ready: False
[mission-5] [INFO] [1762345725.505165650] [mission_node]: [Mission1 Execution] Condition Failed -> Switching to FALLBACK
[mission-5] [INFO] [1762345725.505943336] [mission_node]: [Mission1 Fallback] We are in FALLBACK mode for Mission 1...
[microcontroller_asv-3] [INFO] [1762345725.506174318] [microcontroller_asv]: <> PWM Subscriber created
[microcontroller_asv-3] [INFO] [1762345725.515025827] [microcontroller_asv]: <> Pixhawk Publisher created
[microcontroller_asv-3] [ERROR] [1762345725.517067868] [microcontroller_asv]: One of the micon is not found
[microcontroller_asv-3] [INFO] [1762345725.538297735] [microcontroller_asv]: Waiting for Pixhawk heartbeat...
[mission-5] [INFO] [1762345725.606021529] [mission_node]: [Mission1 Execution] Mission 1 EXECUTION mode active... GPS Ready: False
[mission-5] [INFO] [1762345725.607545987] [mission_node]: [Mission1 Execution] Condition Failed -> Switching to FALLBACK
[mission-5] [INFO] [1762345725.608934122] [mission_node]: [Mission1 Fallback] We are in FALLBACK mode for Mission 1...
[mission-5] [INFO] [1762345725.705548027] [mission_node]: [Mission1 Execution] Mission 1 EXECUTION mode active... GPS Ready: False
[mission-5] [INFO] [1762345725.706865151] [mission_node]: [Mission1 Execution] Condition Failed -> Switching to FALLBACK
[mission-5] [INFO] [1762345725.708108834] [mission_node]: [Mission1 Fallback] We are in FALLBACK mode for Mission 1...
[mission-5] [INFO] [1762345725.805851378] [mission_node]: [Mission1 Execution] Mission 1 EXECUTION mode active... GPS Ready: False
[mission-5] [INFO] [1762345725.807400029] [mission_node]: [Mission1 Execution] Condition Failed -> Switching to FALLBACK
[mission-5] [INFO] [1762345725.808795748] [mission_node]: [Mission1 Fallback] We are in FALLBACK mode for Mission 1...
[mission-5] [INFO] [1762345725.905542649] [mission_node]: [Mission1 Execution] Mission 1 EXECUTION mode active... GPS Ready: False
[mission-5] [INFO] [1762345725.906408657] [mission_node]: [Mission1 Execution] Condition Failed -> Switching to FALLBACK
[mission-5] [INFO] [1762345725.907249992] [mission_node]: [Mission1 Fallback] We are in FALLBACK mode for Mission 1...
[mission-5] [INFO] [1762345726.005799919] [mission_node]: [Mission1 Execution] Mission 1 EXECUTION mode active... GPS Ready: False
[mission-5] [INFO] [1762345726.007320473] [mission_node]: [Mission1 Execution] Condition Failed -> Switching to FALLBACK
[mission-5] [INFO] [1762345726.008759521] [mission_node]: [Mission1 Fallback] We are in FALLBACK mode for Mission 1...
[mission-5] [INFO] [1762345726.105753407] [mission_node]: [Mission1 Execution] Mission 1 EXECUTION mode active... GPS Ready: False
[mission-5] [INFO] [1762345726.107298218] [mission_node]: [Mission1 Execution] Condition Failed -> Switching to FALLBACK
[mission-5] [INFO] [1762345726.108711953] [mission_node]: [Mission1 Fallback] We are in FALLBACK mode for Mission 1...
[mission-5] [INFO] [1762345726.205776402] [mission_node]: [Mission1 Execution] Mission 1 EXECUTION mode active... GPS Ready: False
[mission-5] [INFO] [1762345726.207275483] [mission_node]: [Mission1 Execution] Condition Failed -> Switching to FALLBACK
[mission-5] [INFO] [1762345726.208708419] [mission_node]: [Mission1 Fallback] We are in FALLBACK mode for Mission 1...
[microcontroller_asv-3] [INFO] [1762345726.216275988] [microcontroller_asv]: Pixhawk Successfully initiated
[microcontroller_asv-3] [WARN] [1762345726.242587085] [microcontroller_asv]: Motor Armed!
[microcontroller_asv-3] [WARN] [1762345726.245811334] [microcontroller_asv]: micon found
[microcontroller_asv-3] [WARN] [1762345726.247481333] [microcontroller_asv]: 3, 1
[microcontroller_asv-3] [INFO] [1762345726.304266777] [microcontroller_asv]: Current Mode : MANUAL
[mission-5] [INFO] [1762345726.305759043] [mission_node]: [Mission1 Execution] Mission 1 EXECUTION mode active... GPS Ready: False
[microcontroller_asv-3] [INFO] [1762345726.306229552] [microcontroller_asv]: Mode set to : MANUAL
[mission-5] [INFO] [1762345726.307263948] [mission_node]: [Mission1 Execution] Condition Failed -> Switching to FALLBACK
[microcontroller_asv-3] [INFO] [1762345726.307771642] [microcontroller_asv]: Chan 8 : 2006
[mission-5] [INFO] [1762345726.308690900] [mission_node]: [Mission1 Fallback] We are in FALLBACK mode for Mission 1...
[microcontroller_asv-3] [INFO] [1762345726.338081698] [microcontroller_asv]: Successfully initialized node
[mission-5] [INFO] [1762345726.404256971] [mission_node]: [Mission1 Execution] Mission 1 EXECUTION mode active... GPS Ready: False
[mission-5] [INFO] [1762345726.405068449] [mission_node]: [Mission1 Execution] Condition Failed -> Switching to FALLBACK
[mission-5] [INFO] [1762345726.405853655] [mission_node]: [Mission1 Fallback] We are in FALLBACK mode for Mission 1...
[mission-5] [INFO] [1762345726.504279997] [mission_node]: [Mission1 Execution] Mission 1 EXECUTION mode active... GPS Ready: False
[mission-5] [INFO] [1762345726.505133333] [mission_node]: [Mission1 Execution] Condition Failed -> Switching to FALLBACK
[mission-5] [INFO] [1762345726.506308437] [mission_node]: [Mission1 Fallback] We are in FALLBACK mode for Mission 1...
[mission-5] [INFO] [1762345726.604277391] [mission_node]: [Mission1 Execution] Mission 1 EXECUTION mode active... GPS Ready: False
[mission-5] [INFO] [1762345726.605108902] [mission_node]: [Mission1 Execution] Condition Failed -> Switching to FALLBACK
[mission-5] [INFO] [1762345726.605907868] [mission_node]: [Mission1 Fallback] We are in FALLBACK mode for Mission 1...
[mission-5] [INFO] [1762345726.704272384] [mission_node]: [Mission1 Execution] Mission 1 EXECUTION mode active... GPS Ready: False
[mission-5] [INFO] [1762345726.705178105] [mission_node]: [Mission1 Execution] Condition Succeeded from EXECUTION -> Mission COMPLETE
[mission-5] [INFO] [1762345726.706272024] [mission_node]: [Mission2 Execution] We are executing Mission 2...
[mission-5] [WARN] [1762345726.707063245] [mission_node]: Could not get value for '/mission/track': ('Invalid access to undeclared parameter(s)', '/mission/track')
[mission-5] Exception in thread Thread-1 (spin):
[mission-5] Traceback (most recent call last):
[mission-5]   File "/usr/lib/python3.10/threading.py", line 1016, in _bootstrap_inner
[mission-5]     self.run()
[mission-5]   File "/usr/lib/python3.10/threading.py", line 953, in run
[mission-5]     self._target(*self._args, **self._kwargs)
[mission-5]   File "/opt/ros/humble/local/lib/python3.10/dist-packages/rclpy/executors.py", line 294, in spin
[mission-5]     self.spin_once()
[mission-5]   File "/opt/ros/humble/local/lib/python3.10/dist-packages/rclpy/executors.py", line 806, in spin_once
[mission-5]     self._spin_once_impl(timeout_sec)
[mission-5]   File "/opt/ros/humble/local/lib/python3.10/dist-packages/rclpy/executors.py", line 803, in _spin_once_impl
[mission-5]     future.result()
[mission-5]   File "/opt/ros/humble/local/lib/python3.10/dist-packages/rclpy/task.py", line 105, in result
[mission-5]     raise self.exception()
[mission-5]   File "/opt/ros/humble/local/lib/python3.10/dist-packages/rclpy/task.py", line 254, in __call__
[mission-5]     self._handler.send(None)
[mission-5]   File "/opt/ros/humble/local/lib/python3.10/dist-packages/rclpy/executors.py", line 447, in handler
[mission-5]     await call_coroutine(entity, arg)
[mission-5]   File "/opt/ros/humble/local/lib/python3.10/dist-packages/rclpy/executors.py", line 361, in _execute_timer
[mission-5]     await await_or_execute(tmr.callback)
[mission-5]   File "/opt/ros/humble/local/lib/python3.10/dist-packages/rclpy/executors.py", line 107, in await_or_execute
[mission-5]     return callback(*args)
[mission-5]   File "/home/amv/core/build/core_behavior_tree/core_behavior_tree/mission_switch.py", line 34, in tick_tree
[mission-5]     self.tree.tick()
[mission-5]   File "/home/amv/.local/lib/python3.10/site-packages/py_trees/trees.py", line 412, in tick
[mission-5]     for node in self.root.tick():
[mission-5]   File "/home/amv/.local/lib/python3.10/site-packages/py_trees/composites.py", line 714, in tick
[mission-5]     for node in child.tick():
[mission-5]   File "/home/amv/.local/lib/python3.10/site-packages/py_trees/composites.py", line 437, in tick
[mission-5]     for node in child.tick():
[mission-5]   File "/home/amv/.local/lib/python3.10/site-packages/py_trees/composites.py", line 560, in tick
[mission-5]     for node in child.tick():
[mission-5]   File "/home/amv/.local/lib/python3.10/site-packages/py_trees/composites.py", line 437, in tick
[mission-5]     for node in child.tick():
[mission-5]   File "/home/amv/.local/lib/python3.10/site-packages/py_trees/behaviour.py", line 310, in tick
[mission-5]     new_status = self.update()
[mission-5]   File "/home/amv/core/build/core_behavior_tree/core_behavior_tree/behaviors/mission/mission_behaviors.py", line 17, in update
[mission-5]     status = self.execute()
[mission-5]   File "/home/amv/core/build/core_behavior_tree/core_behavior_tree/behaviors/mission/actions/mission2.py", line 77, in execute
[mission-5]     self.yaw_effort_pub.publish(Float64(data=yaw_effort))
[mission-5]   File "/opt/ros/humble/local/lib/python3.10/dist-packages/std_msgs/msg/_float64.py", line 75, in __init__
[mission-5]     self.data = kwargs.get('data', float())
[mission-5]   File "/opt/ros/humble/local/lib/python3.10/dist-packages/std_msgs/msg/_float64.py", line 123, in data
[mission-5]     assert \
[mission-5] AssertionError: The 'data' field must be of type 'float'
[mission-5] [INFO] [1762345726.808401892] [mission_node]: [Mission1 Execution] Mission 1 EXECUTION mode active... GPS Ready: False
[mission-5] [INFO] [1762345726.809236987] [mission_node]: [Mission1 Execution] Condition Failed -> Switching to FALLBACK
[mission-5] [INFO] [1762345726.809993776] [mission_node]: [Mission1 Fallback] We are in FALLBACK mode for Mission 1...
[camera_controller-2] /usr/lib/python3/dist-packages/requests/__init__.py:87: RequestsDependencyWarning: urllib3 (2.5.0) or chardet (4.0.0) doesn't match a supported version!
[camera_controller-2]   warnings.warn("urllib3 ({}) or chardet ({}) doesn't match a supported "
[camera_controller-2] WARNING ⚠️ Unable to automatically guess model task, assuming 'task=detect'. Explicitly define task for your model, i.e. 'task=detect', 'segment', 'classify','pose' or 'obb'.
[microcontroller_asv-3] [INFO] [1762345727.300310917] [microcontroller_asv]: Current Mode : MANUAL
[microcontroller_asv-3] [INFO] [1762345727.301946098] [microcontroller_asv]: Mode set to : MANUAL
[camera_controller-2] [INFO] [1762345727.793173988] [camera_controller]: Parameter '/motor_controller/motor_speed' declared as float with value: 1.0
[camera_controller-2] [INFO] [1762345727.795062681] [camera_controller]: Parameter '/motor_controller/x_speed' declared as float with value: 1.0
[camera_controller-2] [INFO] [1762345727.796487072] [camera_controller]: Parameter '/mission/track' declared as str with value: A
[camera_controller-2] [INFO] [1762345727.805736577] [camera_controller]: <> [camera_front] Successfully initialized node
[camera_controller-2] [INFO] [1762345727.807121511] [camera_controller]: Front camera processing started at 30 FPS
[camera_controller-2] Loading /home/amv/models/v12/best_v12.engine for TensorRT inference...
[microcontroller_asv-3] [INFO] [1762345728.316132431] [microcontroller_asv]: Current Mode : MANUAL
[microcontroller_asv-3] [INFO] [1762345728.317446868] [microcontroller_asv]: Mode set to : MANUAL
[microcontroller_asv-3] [INFO] [1762345728.318379181] [microcontroller_asv]: Chan 8 : 2006
[camera_controller-2] [11/05/2025-19:28:48] [TRT] [I] Loaded engine size: 44 MiB
[camera_controller-2] [11/05/2025-19:28:48] [TRT] [W] Using an engine plan file across different models of devices is not recommended and is likely to affect performance or even cause errors.
[camera_controller-2] [11/05/2025-19:28:48] [TRT] [I] [MemUsageChange] TensorRT-managed allocation in IExecutionContext creation: CPU +0, GPU +37, now: CPU 0, GPU 79 (MiB)
[microcontroller_asv-3] [INFO] [1762345729.299683701] [microcontroller_asv]: Current Mode : MANUAL
[microcontroller_asv-3] [INFO] [1762345729.300691921] [microcontroller_asv]: Mode set to : MANUAL
[microcontroller_asv-3] [INFO] [1762345730.308766907] [microcontroller_asv]: Current Mode : MANUAL
[microcontroller_asv-3] [INFO] [1762345730.309848601] [microcontroller_asv]: Mode set to : MANUAL
[camera_controller-2] [INFO] [1762345730.471969620] [camera_controller]: DSC: 0.00, Detected: False
[microcontroller_asv-3] [INFO] [1762345731.307303158] [microcontroller_asv]: Current Mode : MANUAL
[microcontroller_asv-3] [INFO] [1762345731.308794879] [microcontroller_asv]: Mode set to : MANUAL
[microcontroller_asv-3] [INFO] [1762345731.310249864] [microcontroller_asv]: Chan 8 : 2006
[microcontroller_asv-3] [ERROR] [1762345731.311830484] [microcontroller_asv]: PWM sent in Autonomous mode.
[microcontroller_asv-3] [WARN] [1762345731.321335836] [microcontroller_asv]: Sending PWM...
[microcontroller_asv-3] [INFO] [1762345732.309402831] [microcontroller_asv]: Current Mode : MANUAL
[microcontroller_asv-3] [INFO] [1762345732.311102494] [microcontroller_asv]: Mode set to : MANUAL
[camera_controller-2] [INFO] [1762345732.490790764] [camera_controller]: DSC: 0.00, Detected: False
[WARNING] [launch]: user interrupted with ctrl-c (SIGINT)
[microcontroller_asv-3] Traceback (most recent call last):
[microcontroller_asv-3]   File "/home/amv/core/install/core_control/lib/core_control/microcontroller_asv", line 33, in <module>
[microcontroller_asv-3]     sys.exit(load_entry_point('core-control', 'console_scripts', 'microcontroller_asv')())
[microcontroller_asv-3]   File "/home/amv/core/build/core_control/core_control/microcontroller_asv.py", line 554, in main
[microcontroller_asv-3]     microcontroller_node.main()
[microcontroller_asv-3]   File "/home/amv/core/build/core_control/core_control/microcontroller_asv.py", line 531, in main
[microcontroller_asv-3]     pixhawk_data = self.request_pixhawk()
[microcontroller_asv-3]   File "/home/amv/core/build/core_control/core_control/microcontroller_asv.py", line 442, in request_pixhawk
[microcontroller_asv-3]     msg_coor = self.ser_2.recv_match(
[microcontroller_asv-3]   File "/home/amv/.local/lib/python3.10/site-packages/pymavlink/mavutil.py", line 524, in recv_match
[microcontroller_asv-3]     self.select(0.05)
[microcontroller_asv-3]   File "/home/amv/.local/lib/python3.10/site-packages/pymavlink/mavutil.py", line 346, in select
[microcontroller_asv-3]     (rin, win, xin) = select.select([self.fd], [], [], timeout)
[microcontroller_asv-3] KeyboardInterrupt
[parameter_blackboard-1] [INFO] [1762345732.666873237] [parameter_blackboard]: Shutting down Parameter Blackboard
[parameter_blackboard-1] Failed to publish log message to rosout: publisher's context is invalid, at ./src/rcl/publisher.c:389
[motor_controller-4] Traceback (most recent call last):
[motor_controller-4]   File "/home/amv/core/install/core_control/lib/core_control/motor_controller", line 33, in <module>
[motor_controller-4]     sys.exit(load_entry_point('core-control', 'console_scripts', 'motor_controller')())
[motor_controller-4]   File "/home/amv/core/build/core_control/core_control/motor_controller.py", line 297, in main
[motor_controller-4]     rclpy.spin(motor_control)
[motor_controller-4]   File "/opt/ros/humble/local/lib/python3.10/dist-packages/rclpy/__init__.py", line 229, in spin
[motor_controller-4]     executor.spin_once()
[motor_controller-4]   File "/opt/ros/humble/local/lib/python3.10/dist-packages/rclpy/executors.py", line 751, in spin_once
[motor_controller-4]     self._spin_once_impl(timeout_sec)
[motor_controller-4]   File "/opt/ros/humble/local/lib/python3.10/dist-packages/rclpy/executors.py", line 740, in _spin_once_impl
[motor_controller-4]     handler, entity, node = self.wait_for_ready_callbacks(timeout_sec=timeout_sec)
[motor_controller-4]   File "/opt/ros/humble/local/lib/python3.10/dist-packages/rclpy/executors.py", line 723, in wait_for_ready_callbacks
[motor_controller-4]     return next(self._cb_iter)
[motor_controller-4]   File "/opt/ros/humble/local/lib/python3.10/dist-packages/rclpy/executors.py", line 620, in _wait_for_ready_callbacks
[motor_controller-4]     wait_set.wait(timeout_nsec)
[motor_controller-4] KeyboardInterrupt
[camera_controller-2] [INFO] [1762345732.670880581] [camera_controller]: Shutting down front camera node...
[camera_controller-2] Failed to publish log message to rosout: publisher's context is invalid, at ./src/rcl/publisher.c:389
[mission-5] Writing /home/amv/core/root.dot
[mission-5] Writing /home/amv/core/root.png
[mission-5] Writing /home/amv/core/root.svg
[camera_controller-2] Traceback (most recent call last):
[camera_controller-2]   File "/home/amv/core/install/core_perception/lib/core_perception/camera_controller", line 33, in <module>
[camera_controller-2]     sys.exit(load_entry_point('core-perception', 'console_scripts', 'camera_controller')())
[camera_controller-2]   File "/home/amv/core/build/core_perception/core_perception/camera_controller.py", line 160, in main
[camera_controller-2]     rclpy.shutdown()
[camera_controller-2]   File "/opt/ros/humble/local/lib/python3.10/dist-packages/rclpy/__init__.py", line 130, in shutdown
[camera_controller-2]     _shutdown(context=context)
[camera_controller-2]   File "/opt/ros/humble/local/lib/python3.10/dist-packages/rclpy/utilities.py", line 58, in shutdown
[camera_controller-2]     return context.shutdown()
[camera_controller-2]   File "/opt/ros/humble/local/lib/python3.10/dist-packages/rclpy/context.py", line 102, in shutdown
[camera_controller-2]     self.__context.shutdown()
[camera_controller-2] rclpy._rclpy_pybind11.RCLError: failed to shutdown: rcl_shutdown already called on the given context, at ./src/rcl/init.c:241
[parameter_blackboard-1] Traceback (most recent call last):
[parameter_blackboard-1]   File "/home/amv/core/install/core/lib/core/parameter_blackboard", line 33, in <module>
[parameter_blackboard-1]     sys.exit(load_entry_point('core', 'console_scripts', 'parameter_blackboard')())
[parameter_blackboard-1]   File "/home/amv/core/build/core/core/parameter_blackboard.py", line 78, in main
[parameter_blackboard-1]     rclpy.shutdown()
[parameter_blackboard-1]   File "/opt/ros/humble/local/lib/python3.10/dist-packages/rclpy/__init__.py", line 130, in shutdown
[parameter_blackboard-1]     _shutdown(context=context)
[parameter_blackboard-1]   File "/opt/ros/humble/local/lib/python3.10/dist-packages/rclpy/utilities.py", line 58, in shutdown
[parameter_blackboard-1]     return context.shutdown()
[parameter_blackboard-1]   File "/opt/ros/humble/local/lib/python3.10/dist-packages/rclpy/context.py", line 102, in shutdown
[parameter_blackboard-1]     self.__context.shutdown()
[parameter_blackboard-1] rclpy._rclpy_pybind11.RCLError: failed to shutdown: rcl_shutdown already called on the given context, at ./src/rcl/init.c:241
[WARNING] [launch]: user interrupted with ctrl-c (SIGINT) again, ignoring...
[ERROR] [parameter_blackboard-1]: process has died [pid 21684, exit code -2, cmd '/home/amv/core/install/core/lib/core/parameter_blackboard --ros-args -r __node:=parameter_blackboard'].
[ERROR] [motor_controller-4]: process has died [pid 21690, exit code -2, cmd '/home/amv/core/install/core_control/lib/core_control/motor_controller --ros-args -r __node:=motor_controller'].
[ERROR] [mission-5]: process has died [pid 21692, exit code -2, cmd '/home/amv/core/install/core_behavior_tree/lib/core_behavior_tree/mission --ros-args -r __node:=mission_node'].
[ERROR] [microcontroller_asv-3]: process has died [pid 21688, exit code -2, cmd '/home/amv/core/install/core_control/lib/core_control/microcontroller_asv --ros-args -r __node:=microcontroller_asv'].
[ERROR] [camera_controller-2]: process has died [pid 21686, exit code -2, cmd '/home/amv/core/install/core_perception/lib/core_perception/camera_controller --ros-args -r __node:=camera_controller --params-file /tmp/launch_params_bvng615n'].
